\BOOKMARK [1][-]{section.1}{\376\377\000O\000v\000e\000r\000v\000i\000e\000w}{}% 1
\BOOKMARK [1][-]{section.2}{\376\377\000T\000h\000e\000\040\000T\000h\000r\000e\000e\000\040\000P\000r\000o\000t\000o\000c\000o\000l\000s}{}% 2
\BOOKMARK [2][-]{subsection.2.1}{\376\377\000O\000p\000e\000n\000B\000C\000I\000\040\000C\000y\000t\000o\000n}{section.2}% 3
\BOOKMARK [2][-]{subsection.2.2}{\376\377\000I\000n\000E\000a\000r\000\040\000T\000e\000e\000n\000s\000y\000\040\000O\000r\000i\000g\000i\000n\000a\000l}{section.2}% 4
\BOOKMARK [2][-]{subsection.2.3}{\376\377\000I\000n\000E\000a\000r\000\040\000T\000e\000e\000n\000s\000y\000\040\000O\000p\000t\000i\000m\000i\000z\000e\000d}{section.2}% 5
\BOOKMARK [1][-]{section.3}{\376\377\000W\000h\000a\000t\000\040\000T\000h\000e\000\040\000P\000a\000c\000k\000e\000t\000s\000\040\000L\000o\000o\000k\000\040\000L\000i\000k\000e}{}% 6
\BOOKMARK [2][-]{subsection.3.1}{\376\377\000O\000p\000e\000n\000B\000C\000I\000\040\000C\000y\000t\000o\000n\000\040\040\024\000\040\0003\0003\000\040\000B\000y\000t\000e\000s}{section.3}% 7
\BOOKMARK [2][-]{subsection.3.2}{\376\377\000I\000n\000E\000a\000r\000\040\000T\000e\000e\000n\000s\000y\000\040\000O\000r\000i\000g\000i\000n\000a\000l\000\040\040\024\000\040\0005\0006\000\040\000B\000y\000t\000e\000s}{section.3}% 8
\BOOKMARK [2][-]{subsection.3.3}{\376\377\000I\000n\000E\000a\000r\000\040\000T\000e\000e\000n\000s\000y\000\040\000O\000p\000t\000i\000m\000i\000z\000e\000d\000\040\040\024\000\040\0002\0006\000\040\000t\000o\000\040\0005\0005\000\040\000B\000y\000t\000e\000s}{section.3}% 9
\BOOKMARK [1][-]{section.4}{\376\377\000W\000h\000a\000t\000'\000s\000\040\000A\000c\000t\000u\000a\000l\000l\000y\000\040\000I\000n\000\040\000E\000a\000c\000h\000\040\000P\000a\000c\000k\000e\000t}{}% 10
\BOOKMARK [2][-]{subsection.4.1}{\376\377\000S\000i\000d\000e\000-\000b\000y\000-\000S\000i\000d\000e\000\040\000S\000e\000n\000s\000o\000r\000\040\000C\000o\000m\000p\000a\000r\000i\000s\000o\000n}{section.4}% 11
\BOOKMARK [2][-]{subsection.4.2}{\376\377\000U\000s\000e\000f\000u\000l\000\040\000P\000a\000y\000l\000o\000a\000d\000\040\000P\000e\000r\000\040\000S\000a\000m\000p\000l\000e}{section.4}% 12
\BOOKMARK [2][-]{subsection.4.3}{\376\377\000T\000h\000e\000\040\000P\000P\000G\000\040\000P\000r\000o\000b\000l\000e\000m}{section.4}% 13
\BOOKMARK [2][-]{subsection.4.4}{\376\377\000I\000f\000\040\000O\000p\000e\000n\000B\000C\000I\000\040\000H\000a\000d\000\040\000T\000h\000e\000\040\000S\000a\000m\000e\000\040\000S\000e\000n\000s\000o\000r\000s}{section.4}% 14
\BOOKMARK [1][-]{section.5}{\376\377\000B\000a\000n\000d\000w\000i\000d\000t\000h\000\040\000M\000a\000t\000h}{}% 15
\BOOKMARK [2][-]{subsection.5.1}{\376\377\000S\000e\000r\000i\000a\000l\000\040\0008\000-\000N\000-\0001\000\040\000B\000a\000s\000i\000c\000s}{section.5}% 16
\BOOKMARK [2][-]{subsection.5.2}{\376\377\000B\000a\000n\000d\000w\000i\000d\000t\000h\000\040\000T\000a\000b\000l\000e}{section.5}% 17
\BOOKMARK [2][-]{subsection.5.3}{\376\377\000H\000e\000a\000d\000r\000o\000o\000m}{section.5}% 18
\BOOKMARK [2][-]{subsection.5.4}{\376\377\000W\000h\000e\000r\000e\000\040\000T\000h\000e\000\040\000B\000y\000t\000e\000s\000\040\000G\000o\000\040\000\050\000O\000r\000i\000g\000i\000n\000a\000l\000\051}{section.5}% 19
\BOOKMARK [2][-]{subsection.5.5}{\376\377\000W\000h\000e\000r\000e\000\040\000T\000h\000e\000\040\000B\000y\000t\000e\000s\000\040\000G\000o\000\040\000\050\000O\000p\000t\000i\000m\000i\000z\000e\000d\000\051}{section.5}% 20
\BOOKMARK [1][-]{section.6}{\376\377\000H\000o\000w\000\040\000T\000h\000e\000\040\000S\000t\000r\000e\000a\000m\000\040\000L\000o\000o\000k\000s\000\040\000O\000v\000e\000r\000\040\000T\000i\000m\000e}{}% 21
\BOOKMARK [2][-]{subsection.6.1}{\376\377\000H\000o\000w\000\040\000P\000a\000c\000k\000e\000t\000s\000\040\000F\000l\000o\000w}{section.6}% 22
\BOOKMARK [2][-]{subsection.6.2}{\376\377\000W\000h\000a\000t\000\040\0001\000\040\000S\000e\000c\000o\000n\000d\000\040\000o\000f\000\040\000D\000a\000t\000a\000\040\000L\000o\000o\000k\000s\000\040\000L\000i\000k\000e}{section.6}% 23
\BOOKMARK [2][-]{subsection.6.3}{\376\377\000W\000h\000a\000t\000\040\000H\000a\000p\000p\000e\000n\000s\000\040\000W\000h\000e\000n\000\040\000D\000a\000t\000a\000\040\000I\000s\000\040\000M\000i\000s\000s\000i\000n\000g\000?}{section.6}% 24
\BOOKMARK [1][-]{section.7}{\376\377\000O\000r\000i\000g\000i\000n\000a\000l\000\040\000v\000s\000.\000\040\000O\000p\000t\000i\000m\000i\000z\000e\000d\000\040\040\024\000\040\000T\000r\000a\000d\000e\000o\000f\000f\000s}{}% 25
\BOOKMARK [1][-]{section.8}{\376\377\000A\000l\000l\000\040\000T\000h\000e\000\040\000O\000p\000t\000i\000m\000i\000z\000a\000t\000i\000o\000n\000\040\000I\000d\000e\000a\000s\000\040\000\050\0002\0008\000\040\000T\000a\000c\000t\000i\000c\000s\000\051}{}% 26
\BOOKMARK [2][-]{subsection.8.1}{\376\377\000C\000a\000t\000e\000g\000o\000r\000y\000\040\0001\000:\000\040\000B\000a\000n\000d\000w\000i\000d\000t\000h\000\040\000O\000p\000t\000i\000m\000i\000z\000a\000t\000i\000o\000n}{section.8}% 27
\BOOKMARK [2][-]{subsection.8.2}{\376\377\000C\000a\000t\000e\000g\000o\000r\000y\000\040\0002\000:\000\040\000L\000a\000t\000e\000n\000c\000y\000\040\000O\000p\000t\000i\000m\000i\000z\000a\000t\000i\000o\000n}{section.8}% 28
\BOOKMARK [2][-]{subsection.8.3}{\376\377\000C\000a\000t\000e\000g\000o\000r\000y\000\040\0003\000:\000\040\000I\000n\000t\000e\000g\000r\000i\000t\000y\000\040\000O\000p\000t\000i\000m\000i\000z\000a\000t\000i\000o\000n}{section.8}% 29
\BOOKMARK [2][-]{subsection.8.4}{\376\377\000C\000a\000t\000e\000g\000o\000r\000y\000\040\0004\000:\000\040\000P\000a\000r\000s\000e\000r\000/\000C\000P\000U\000\040\000O\000p\000t\000i\000m\000i\000z\000a\000t\000i\000o\000n}{section.8}% 30
\BOOKMARK [2][-]{subsection.8.5}{\376\377\000C\000a\000t\000e\000g\000o\000r\000y\000\040\0005\000:\000\040\000F\000i\000r\000m\000w\000a\000r\000e\000\040\000C\000P\000U\000\040\000O\000p\000t\000i\000m\000i\000z\000a\000t\000i\000o\000n}{section.8}% 31
\BOOKMARK [2][-]{subsection.8.6}{\376\377\000C\000a\000t\000e\000g\000o\000r\000y\000\040\0006\000:\000\040\000R\000o\000b\000u\000s\000t\000n\000e\000s\000s\000\040\000O\000p\000t\000i\000m\000i\000z\000a\000t\000i\000o\000n}{section.8}% 32
\BOOKMARK [2][-]{subsection.8.7}{\376\377\000C\000a\000t\000e\000g\000o\000r\000y\000\040\0007\000:\000\040\000D\000a\000t\000a\000\040\000Q\000u\000a\000l\000i\000t\000y\000\040\000O\000p\000t\000i\000m\000i\000z\000a\000t\000i\000o\000n}{section.8}% 33
\BOOKMARK [1][-]{section.9}{\376\377\000D\000e\000t\000a\000i\000l\000e\000d\000\040\000N\000o\000t\000e\000s\000\040\000O\000n\000\040\000E\000a\000c\000h\000\040\000T\000a\000c\000t\000i\000c}{}% 34
\BOOKMARK [2][-]{subsection.9.1}{\376\377\000C\000a\000t\000e\000g\000o\000r\000y\000\040\0001\000\040\040\024\000\040\000B\000a\000n\000d\000w\000i\000d\000t\000h}{section.9}% 35
\BOOKMARK [3][-]{subsubsection.9.1.1}{\376\377\0001\000A\000\040\040\024\000\040\000M\000u\000l\000t\000i\000-\000R\000a\000t\000e\000\040\000A\000u\000x\000i\000l\000i\000a\000r\000y\000\040\000S\000a\000m\000p\000l\000i\000n\000g\000\040\000\050\000I\000m\000p\000l\000e\000m\000e\000n\000t\000e\000d\000\051}{subsection.9.1}% 36
\BOOKMARK [3][-]{subsubsection.9.1.2}{\376\377\0001\000B\000\040\040\024\000\040\000D\000e\000l\000t\000a\000\040\000E\000n\000c\000o\000d\000i\000n\000g\000\040\000f\000o\000r\000\040\000E\000E\000G}{subsection.9.1}% 37
\BOOKMARK [3][-]{subsubsection.9.1.3}{\376\377\0001\000C\000\040\040\024\000\040\000V\000a\000r\000i\000a\000b\000l\000e\000-\000W\000i\000d\000t\000h\000\040\000I\000n\000t\000e\000g\000e\000r\000s\000\040\000\050\000V\000a\000r\000I\000n\000t\000\051}{subsection.9.1}% 38
\BOOKMARK [3][-]{subsubsection.9.1.4}{\376\377\0001\000E\000\040\040\024\000\040\000P\000P\000G\000\040\000t\000o\000\040\0002\0004\000-\000b\000i\000t\000\040\000\050\000f\000r\000o\000m\000\040\0004\0008\000-\000b\000i\000t\000\051\000\040\000\050\000F\000r\000e\000e\000\040\000W\000i\000n\000\051}{subsection.9.1}% 39
\BOOKMARK [3][-]{subsubsection.9.1.5}{\376\377\0001\000F\000\040\040\024\000\040\000S\000m\000a\000l\000l\000e\000r\000\040\000H\000e\000a\000d\000e\000r\000/\000F\000o\000o\000t\000e\000r}{subsection.9.1}% 40
\BOOKMARK [3][-]{subsubsection.9.1.6}{\376\377\0001\000G\000\040\040\024\000\040\000M\000u\000l\000t\000i\000-\000S\000a\000m\000p\000l\000e\000\040\000B\000a\000t\000c\000h\000i\000n\000g}{subsection.9.1}% 41
\BOOKMARK [2][-]{subsection.9.2}{\376\377\000C\000a\000t\000e\000g\000o\000r\000y\000\040\0002\000\040\040\024\000\040\000L\000a\000t\000e\000n\000c\000y}{section.9}% 42
\BOOKMARK [3][-]{subsubsection.9.2.1}{\376\377\0002\000A\000\040\040\024\000\040\000R\000e\000d\000u\000c\000e\000\040\000P\000a\000c\000k\000e\000t\000\040\000S\000i\000z\000e}{subsection.9.2}% 43
\BOOKMARK [3][-]{subsubsection.9.2.2}{\376\377\0002\000B\000\040\040\024\000\040\000I\000n\000c\000r\000e\000a\000s\000e\000\040\000B\000a\000u\000d\000\040\000R\000a\000t\000e}{subsection.9.2}% 44
\BOOKMARK [3][-]{subsubsection.9.2.3}{\376\377\0002\000C\000\040\040\024\000\040\000U\000S\000B\000\040\000F\000l\000u\000s\000h\000\040\000O\000p\000t\000i\000m\000i\000z\000a\000t\000i\000o\000n}{subsection.9.2}% 45
\BOOKMARK [3][-]{subsubsection.9.2.4}{\376\377\0002\000D\000\040\040\024\000\040\000D\000M\000A\000\040\000S\000P\000I\000\040\000t\000o\000\040\000U\000A\000R\000T\000\040\000P\000i\000p\000e\000l\000i\000n\000e}{subsection.9.2}% 46
\BOOKMARK [2][-]{subsection.9.3}{\376\377\000C\000a\000t\000e\000g\000o\000r\000y\000\040\0003\000\040\040\024\000\040\000I\000n\000t\000e\000g\000r\000i\000t\000y}{section.9}% 47
\BOOKMARK [3][-]{subsubsection.9.3.1}{\376\377\0003\000A\000\040\040\024\000\040\000C\000R\000C\000-\0008\000\040\000I\000n\000s\000t\000e\000a\000d\000\040\000o\000f\000\040\000X\000O\000R\000\040\000\050\000F\000r\000e\000e\000\040\000W\000i\000n\000\051}{subsection.9.3}% 48
\BOOKMARK [3][-]{subsubsection.9.3.2}{\376\377\0003\000B\000\040\040\024\000\040\000F\000o\000r\000w\000a\000r\000d\000\040\000E\000r\000r\000o\000r\000\040\000C\000o\000r\000r\000e\000c\000t\000i\000o\000n\000\040\000\050\000F\000E\000C\000\051}{subsection.9.3}% 49
\BOOKMARK [3][-]{subsubsection.9.3.3}{\376\377\0003\000C\000\040\040\024\000\040\000R\000e\000t\000r\000a\000n\000s\000m\000i\000s\000s\000i\000o\000n\000\040\000\050\000A\000R\000Q\000\051}{subsection.9.3}% 50
\BOOKMARK [3][-]{subsubsection.9.3.4}{\376\377\0003\000D\000\040\040\024\000\040\000L\000o\000n\000g\000e\000r\000\040\000S\000y\000n\000c\000\040\000P\000a\000t\000t\000e\000r\000n}{subsection.9.3}% 51
\BOOKMARK [3][-]{subsubsection.9.3.5}{\376\377\0003\000E\000\040\040\024\000\040\000E\000x\000p\000l\000i\000c\000i\000t\000\040\000L\000e\000n\000g\000t\000h\000\040\000F\000i\000e\000l\000d}{subsection.9.3}% 52
\BOOKMARK [2][-]{subsection.9.4}{\376\377\000C\000a\000t\000e\000g\000o\000r\000y\000\040\0004\000\040\040\024\000\040\000P\000a\000r\000s\000e\000r\000/\000C\000P\000U\000\040\000\050\000H\000o\000s\000t\000\040\000S\000i\000d\000e\000\051}{section.9}% 53
\BOOKMARK [3][-]{subsubsection.9.4.1}{\376\377\0004\000A\000\040\040\024\000\040\000R\000i\000n\000g\000\040\000B\000u\000f\000f\000e\000r\000\040\000I\000n\000s\000t\000e\000a\000d\000\040\000o\000f\000\040\000s\000t\000d\000:\000:\000d\000e\000q\000u\000e\000\040\000\050\000F\000r\000e\000e\000\040\000W\000i\000n\000\051}{subsection.9.4}% 54
\BOOKMARK [3][-]{subsubsection.9.4.2}{\376\377\0004\000B\000\040\040\024\000\040\000Z\000e\000r\000o\000-\000C\000o\000p\000y\000\040\000P\000a\000r\000s\000i\000n\000g}{subsection.9.4}% 55
\BOOKMARK [3][-]{subsubsection.9.4.3}{\376\377\0004\000C\000\040\040\024\000\040\000S\000I\000M\000D\000\040\000B\000y\000t\000e\000\040\000C\000o\000n\000v\000e\000r\000s\000i\000o\000n}{subsection.9.4}% 56
\BOOKMARK [3][-]{subsubsection.9.4.4}{\376\377\0004\000D\000\040\040\024\000\040\000R\000e\000m\000o\000v\000e\000\040\000s\000t\000d\000:\000:\000c\000h\000r\000o\000n\000o\000\040\000f\000r\000o\000m\000\040\000H\000o\000t\000\040\000P\000a\000t\000h\000\040\000\050\000F\000r\000e\000e\000\040\000W\000i\000n\000\051}{subsection.9.4}% 57
\BOOKMARK [3][-]{subsubsection.9.4.5}{\376\377\0004\000E\000\040\040\024\000\040\000B\000a\000t\000c\000h\000\040\000a\000d\000d\000T\000o\000B\000u\000f\000f\000e\000r\000\050\000\051\000\040\000C\000a\000l\000l\000s}{subsection.9.4}% 58
\BOOKMARK [2][-]{subsection.9.5}{\376\377\000C\000a\000t\000e\000g\000o\000r\000y\000\040\0005\000\040\040\024\000\040\000F\000i\000r\000m\000w\000a\000r\000e\000\040\000C\000P\000U\000\040\000\050\000T\000e\000e\000n\000s\000y\000\040\000S\000i\000d\000e\000\051}{section.9}% 59
\BOOKMARK [3][-]{subsubsection.9.5.1}{\376\377\0005\000A\000\040\040\024\000\040\000P\000r\000e\000c\000o\000m\000p\000u\000t\000e\000d\000\040\000P\000a\000c\000k\000e\000t\000\040\000T\000e\000m\000p\000l\000a\000t\000e\000s}{subsection.9.5}% 60
\BOOKMARK [3][-]{subsubsection.9.5.2}{\376\377\0005\000B\000\040\040\024\000\040\000P\000a\000c\000k\000e\000t\000\040\000T\000y\000p\000e\000\040\000L\000o\000o\000k\000u\000p\000\040\000T\000a\000b\000l\000e\000\040\000\050\000F\000r\000e\000e\000\040\000W\000i\000n\000\051}{subsection.9.5}% 61
\BOOKMARK [3][-]{subsubsection.9.5.3}{\376\377\0005\000C\000\040\040\024\000\040\000I\000S\000R\000-\000B\000a\000s\000e\000d\000\040\000P\000a\000c\000k\000e\000t\000\040\000A\000s\000s\000e\000m\000b\000l\000y}{subsection.9.5}% 62
\BOOKMARK [2][-]{subsection.9.6}{\376\377\000C\000a\000t\000e\000g\000o\000r\000y\000\040\0006\000\040\040\024\000\040\000R\000o\000b\000u\000s\000t\000n\000e\000s\000s}{section.9}% 63
\BOOKMARK [3][-]{subsubsection.9.6.1}{\376\377\0006\000A\000\040\040\024\000\040\000H\000e\000a\000r\000t\000b\000e\000a\000t\000\040\000/\000\040\000W\000a\000t\000c\000h\000d\000o\000g}{subsection.9.6}% 64
\BOOKMARK [3][-]{subsubsection.9.6.2}{\376\377\0006\000B\000\040\040\024\000\040\000C\000o\000n\000n\000e\000c\000t\000i\000o\000n\000\040\000H\000a\000n\000d\000s\000h\000a\000k\000e}{subsection.9.6}% 65
\BOOKMARK [3][-]{subsubsection.9.6.3}{\376\377\0006\000C\000\040\040\024\000\040\000C\000o\000n\000f\000i\000g\000u\000r\000a\000b\000l\000e\000\040\000S\000a\000m\000p\000l\000e\000\040\000R\000a\000t\000e}{subsection.9.6}% 66
\BOOKMARK [3][-]{subsubsection.9.6.4}{\376\377\0006\000D\000\040\040\024\000\040\000P\000e\000r\000-\000C\000h\000a\000n\000n\000e\000l\000\040\000G\000a\000i\000n\000\040\000C\000o\000n\000t\000r\000o\000l}{subsection.9.6}% 67
\BOOKMARK [2][-]{subsection.9.7}{\376\377\000C\000a\000t\000e\000g\000o\000r\000y\000\040\0007\000\040\040\024\000\040\000D\000a\000t\000a\000\040\000Q\000u\000a\000l\000i\000t\000y}{section.9}% 68
\BOOKMARK [3][-]{subsubsection.9.7.1}{\376\377\0007\000A\000\040\040\024\000\040\000H\000a\000r\000d\000w\000a\000r\000e\000\040\000C\000l\000o\000c\000k\000\040\000S\000y\000n\000c\000h\000r\000o\000n\000i\000z\000a\000t\000i\000o\000n}{subsection.9.7}% 69
\BOOKMARK [3][-]{subsubsection.9.7.2}{\376\377\0007\000B\000\040\040\024\000\040\000I\000m\000p\000e\000d\000a\000n\000c\000e\000\040\000M\000e\000a\000s\000u\000r\000e\000m\000e\000n\000t}{subsection.9.7}% 70
\BOOKMARK [3][-]{subsubsection.9.7.3}{\376\377\0007\000C\000\040\040\024\000\040\000H\000i\000g\000h\000e\000r\000\040\000S\000a\000m\000p\000l\000e\000\040\000R\000a\000t\000e}{subsection.9.7}% 71
\BOOKMARK [1][-]{section.10}{\376\377\000T\000h\000e\000\040\000B\000i\000g\000\040\000T\000r\000a\000d\000e\000-\000O\000f\000f\000\040\000T\000a\000b\000l\000e}{}% 72
\BOOKMARK [1][-]{section.11}{\376\377\000E\000a\000s\000y\000\040\000W\000i\000n\000s\000\040\040\024\000\040\000D\000o\000\040\000T\000h\000e\000s\000e\000\040\000F\000i\000r\000s\000t}{}% 73
\BOOKMARK [1][-]{section.12}{\376\377\000C\000o\000m\000p\000a\000r\000i\000n\000g\000\040\000W\000i\000t\000h\000\040\000O\000p\000e\000n\000B\000C\000I\000\040\000I\000s\000n\000'\000t\000\040\000R\000e\000a\000l\000l\000y\000\040\000F\000a\000i\000r}{}% 74
\BOOKMARK [1][-]{section.13}{\376\377\000R\000e\000m\000i\000n\000d\000e\000r\000:\000\040\000S\000e\000r\000i\000a\000l\000\040\0008\000-\000N\000-\0001\000\040\000B\000a\000n\000d\000w\000i\000d\000t\000h\000\040\000M\000a\000t\000h}{}% 75
\BOOKMARK [2][-]{subsection.13.1}{\376\377\000W\000h\000a\000t\000\040\000`\000`\0008\000-\000N\000-\0001\000'\000'\000\040\000A\000c\000t\000u\000a\000l\000l\000y\000\040\000M\000e\000a\000n\000s}{section.13}% 76
\BOOKMARK [2][-]{subsection.13.2}{\376\377\000T\000h\000e\000\040\000F\000o\000r\000m\000u\000l\000a}{section.13}% 77
\BOOKMARK [2][-]{subsection.13.3}{\376\377\000U\000t\000i\000l\000i\000z\000a\000t\000i\000o\000n}{section.13}% 78
\BOOKMARK [1][-]{section.14}{\376\377\000R\000e\000f\000e\000r\000e\000n\000c\000e\000:\000\040\000E\000x\000a\000c\000t\000\040\000B\000y\000t\000e\000\040\000O\000f\000f\000s\000e\000t\000s\000\040\000F\000o\000r\000\040\000E\000v\000e\000r\000y\000\040\000P\000a\000c\000k\000e\000t}{}% 79
\BOOKMARK [2][-]{subsection.14.1}{\376\377\000O\000p\000e\000n\000B\000C\000I\000\040\000C\000y\000t\000o\000n\000\040\040\024\000\040\0003\0003\000\040\000B\000y\000t\000e\000s\000\040\000\050\000F\000i\000x\000e\000d\000\051}{section.14}% 80
\BOOKMARK [2][-]{subsection.14.2}{\376\377\000I\000n\000E\000a\000r\000\040\000T\000e\000e\000n\000s\000y\000\040\000O\000r\000i\000g\000i\000n\000a\000l\000\040\040\024\000\040\0005\0006\000\040\000B\000y\000t\000e\000s\000\040\000\050\000F\000i\000x\000e\000d\000\051}{section.14}% 81
\BOOKMARK [2][-]{subsection.14.3}{\376\377\000I\000n\000E\000a\000r\000\040\000T\000e\000e\000n\000s\000y\000\040\000O\000p\000t\000i\000m\000i\000z\000e\000d\000\040\040\024\000\040\000V\000a\000r\000i\000a\000b\000l\000e\000\040\000L\000e\000n\000g\000t\000h}{section.14}% 82
\BOOKMARK [1][-]{section.15}{\376\377\000R\000e\000f\000e\000r\000e\000n\000c\000e\000:\000\040\000T\000a\000c\000t\000i\000c\000\040\000Q\000u\000i\000c\000k\000-\000R\000e\000f\000e\000r\000e\000n\000c\000e\000\040\000T\000a\000b\000l\000e}{}% 83
